<?xml version="1.0" encoding="UTF-8"?>
<testsuites name="Mocha Tests" time="3.6719999999999997" tests="16" failures="0">
  <testsuite name="Root Suite" timestamp="2016-04-26T17:03:50" tests="0" failures="0" time="0">
  </testsuite>
  <testsuite name="api" timestamp="2016-04-26T17:03:50" tests="2" failures="0" time="0.011">
    <testcase name="Root Suite api calls the api only once if cache on" time="0.008" classname="calls the api only once if cache on">
    </testcase>
    <testcase name="Root Suite api calls the api every time if cache off" time="0.003" classname="calls the api every time if cache off">
    </testcase>
  </testsuite>
  <testsuite name="avatar" timestamp="2016-04-26T17:03:50" tests="6" failures="0" time="1.871">
    <testcase name="Root Suite avatar wraps the avatar of a backer in a 64x64 SVG" time="0.782" classname="wraps the avatar of a backer in a 64x64 SVG">
    </testcase>
    <testcase name="Root Suite avatar wraps the logo of a sponsor in a SVG with maxHeight 64" time="0.63" classname="wraps the logo of a sponsor in a SVG with maxHeight 64">
    </testcase>
    <testcase name="Root Suite avatar redirects to the avatar url of the backer" time="0.435" classname="redirects to the avatar url of the backer">
    </testcase>
    <testcase name="Root Suite avatar redirects to the placeholder avatar url if no avatar for the backer" time="0.01" classname="redirects to the placeholder avatar url if no avatar for the backer">
    </testcase>
    <testcase name="Root Suite avatar redirects to &apos;become a backer&apos; placeholder" time="0.006" classname="redirects to &apos;become a backer&apos; placeholder">
    </testcase>
    <testcase name="Root Suite avatar redirects to the 1px transparent png if out of bound" time="0.008" classname="redirects to the 1px transparent png if out of bound">
    </testcase>
  </testsuite>
  <testsuite name="badge" timestamp="2016-04-26T17:03:52" tests="1" failures="0" time="1.289">
    <testcase name="Root Suite badge generates a SVG with the number of backers" time="1.289" classname="generates a SVG with the number of backers">
    </testcase>
  </testsuite>
  <testsuite name="redirect" timestamp="2016-04-26T17:03:53" tests="4" failures="0" time="0.037">
    <testcase name="Root Suite redirect redirects to opencollective.com/:slug if no backer at that position" time="0.009" classname="redirects to opencollective.com/:slug if no backer at that position">
    </testcase>
    <testcase name="Root Suite redirect redirects to opencollective.com/:slug if no website or twitter for the backer at that position" time="0.011" classname="redirects to opencollective.com/:slug if no website or twitter for the backer at that position">
    </testcase>
    <testcase name="Root Suite redirect redirects to the website of the backer (https://www.julianmotz.com)" time="0.007" classname="redirects to the website of the backer (https://www.julianmotz.com)">
    </testcase>
    <testcase name="Root Suite redirect redirects to the twitter of the backer (@elimisteve)" time="0.01" classname="redirects to the twitter of the backer (@elimisteve)">
    </testcase>
  </testsuite>
  <testsuite name="server" timestamp="2016-04-26T17:03:53" tests="3" failures="0" time="0.46399999999999997">
    <testcase name="Root Suite server `wwcode-austin123@` should not match the regex route" time="0.289" classname="`wwcode-austin123@` should not match the regex route">
    </testcase>
    <testcase name="Root Suite server `wwcode-austin` should match the regex route" time="0.152" classname="`wwcode-austin` should match the regex route">
    </testcase>
    <testcase name="Root Suite server should return a error page if fetching the group fails" time="0.023" classname="should return a error page if fetching the group fails">
    </testcase>
  </testsuite>
</testsuites>